MPLINK 5.01, LINKER
Linker Map File - Created Mon Mar 24 05:44:55 2014

                                 Section Info
                  Section       Type    Address   Location Size(Bytes)
                ---------  ---------  ---------  ---------  ---------
             RESET_VECTOR       code   0x000000    program   0x000002
                   .cinit    romdata   0x000001    program   0x000004
               INT_VECTOR       code   0x000004    program   0x00001c
                FUNCTIONS       code   0x000012    program   0x000190
                     MAIN       code   0x0000da    program   0x000056
.config_2007_BUILD/DEFAULT/DEBUG/MAIN.O       code   0x002007    program   0x000002
                  INT_VAR      udata   0x000070       data   0x00000e



                              Program Memory Usage 
                               Start         End      
                           ---------   ---------      
                            0x000000    0x000002      
                            0x000004    0x000104      
                            0x002007    0x002007      
            261 out of 2310 program addresses used, program memory utilization is 11%



                              Symbols - Sorted by Name
                     Name    Address   Location    Storage File                     
                ---------  ---------  ---------  --------- ---------                
                  AD_DONE   0x0000a0    program     static /home/gilson/MPLABXProjects/basculante.X/main.asm
              BIT_PATTERN   0x0000ce    program     static /home/gilson/MPLABXProjects/basculante.X/main.asm
                  DELAYms   0x000023    program     static /home/gilson/MPLABXProjects/basculante.X/main.asm
            END_INTERRUPT   0x00000b    program     static /home/gilson/MPLABXProjects/basculante.X/main.asm
                INIT_IrDA   0x00002d    program     static /home/gilson/MPLABXProjects/basculante.X/main.asm
                INTERRUPT   0x000004    program     static /home/gilson/MPLABXProjects/basculante.X/main.asm
     IrDA_COMMAND_12_BITS   0x000066    program     static /home/gilson/MPLABXProjects/basculante.X/main.asm
     IrDA_COMMAND_15_BITS   0x00006e    program     static /home/gilson/MPLABXProjects/basculante.X/main.asm
                IrDA_FALL   0x000032    program     static /home/gilson/MPLABXProjects/basculante.X/main.asm
             IrDA_FALLING   0x00000e    program     static /home/gilson/MPLABXProjects/basculante.X/main.asm
          IrDA_FALL_ABORT   0x000039    program     static /home/gilson/MPLABXProjects/basculante.X/main.asm
         IrDA_FALL_SAMPLE   0x00003c    program     static /home/gilson/MPLABXProjects/basculante.X/main.asm
       IrDA_FALL_SAMPLE_1   0x00003b    program     static /home/gilson/MPLABXProjects/basculante.X/main.asm
             IrDA_SAMPLER   0x00003f    program     static /home/gilson/MPLABXProjects/basculante.X/main.asm
           IrDA_SAMPLER_1   0x000048    program     static /home/gilson/MPLABXProjects/basculante.X/main.asm
           IrDA_SAMPLER_3   0x00004f    program     static /home/gilson/MPLABXProjects/basculante.X/main.asm
           IrDA_SAMPLER_5   0x000052    program     static /home/gilson/MPLABXProjects/basculante.X/main.asm
       IrDA_SAMPLER_ABORT   0x00007d    program     static /home/gilson/MPLABXProjects/basculante.X/main.asm
                IrDA_TIME   0x000010    program     static /home/gilson/MPLABXProjects/basculante.X/main.asm
              LDR_REFRESH   0x00009e    program     static /home/gilson/MPLABXProjects/basculante.X/main.asm
                LOOP_MAIN   0x000103    program     static /home/gilson/MPLABXProjects/basculante.X/main.asm
             MOTOR_DIRECT   0x0000b1    program     static /home/gilson/MPLABXProjects/basculante.X/main.asm
                 MOTOR_DO   0x0000b7    program     static /home/gilson/MPLABXProjects/basculante.X/main.asm
                MOTOR_OFF   0x0000af    program     static /home/gilson/MPLABXProjects/basculante.X/main.asm
            MOTOR_REVERSE   0x0000b3    program     static /home/gilson/MPLABXProjects/basculante.X/main.asm
              MOTOR_STATE   0x0000bd    program     static /home/gilson/MPLABXProjects/basculante.X/main.asm
         MOTOR_STATE_ARM1   0x0000c4    program     static /home/gilson/MPLABXProjects/basculante.X/main.asm
         MOTOR_STATE_ARM2   0x0000cb    program     static /home/gilson/MPLABXProjects/basculante.X/main.asm
                   POPCTX   0x00001d    program     static /home/gilson/MPLABXProjects/basculante.X/main.asm
                     POPW   0x000015    program     static /home/gilson/MPLABXProjects/basculante.X/main.asm
                  PUSHCTX   0x000019    program     static /home/gilson/MPLABXProjects/basculante.X/main.asm
                    PUSHW   0x000012    program     static /home/gilson/MPLABXProjects/basculante.X/main.asm
              READ_EEPROM   0x000092    program     static /home/gilson/MPLABXProjects/basculante.X/main.asm
            RECORD_EEPROM   0x00007f    program     static /home/gilson/MPLABXProjects/basculante.X/main.asm
              REFRESH_END   0x0000ac    program     static /home/gilson/MPLABXProjects/basculante.X/main.asm
  REMOTE_CONTROL_COMMANDS   0x0000d8    program     static /home/gilson/MPLABXProjects/basculante.X/main.asm
          _FUNCTIONS_0019   0x00002b    program     static /home/gilson/MPLABXProjects/basculante.X/main.asm
          _FUNCTIONS_006F   0x000081    program     static /home/gilson/MPLABXProjects/basculante.X/main.asm
          _FUNCTIONS_007C   0x00008e    program     static /home/gilson/MPLABXProjects/basculante.X/main.asm
          _FUNCTIONS_0086   0x000098    program     static /home/gilson/MPLABXProjects/basculante.X/main.asm
          _FUNCTIONS_00A0   0x0000b2    program     static /home/gilson/MPLABXProjects/basculante.X/main.asm
                    start   0x0000da    program     static /home/gilson/MPLABXProjects/basculante.X/main.asm
                IrDA_DATA   0x000077       data     static /home/gilson/MPLABXProjects/basculante.X/main.asm
                IrDA_bits   0x000075       data     static /home/gilson/MPLABXProjects/basculante.X/main.asm
              IrDA_comand   0x00007a       data     static /home/gilson/MPLABXProjects/basculante.X/main.asm
              IrDA_device   0x00007b       data     static /home/gilson/MPLABXProjects/basculante.X/main.asm
             IrDA_discard   0x000076       data     static /home/gilson/MPLABXProjects/basculante.X/main.asm
                motor_pos   0x000074       data     static /home/gilson/MPLABXProjects/basculante.X/main.asm
                pos_value   0x000073       data     static /home/gilson/MPLABXProjects/basculante.X/main.asm
              record_addr   0x00007d       data     static /home/gilson/MPLABXProjects/basculante.X/main.asm
              record_data   0x00007c       data     static /home/gilson/MPLABXProjects/basculante.X/main.asm
              status_temp   0x000072       data     static /home/gilson/MPLABXProjects/basculante.X/main.asm
                     w_bk   0x000071       data     static /home/gilson/MPLABXProjects/basculante.X/main.asm
                   w_temp   0x000070       data     static /home/gilson/MPLABXProjects/basculante.X/main.asm



                              Symbols - Sorted by Address
                     Name    Address   Location    Storage File                     
                ---------  ---------  ---------  --------- ---------                
                INTERRUPT   0x000004    program     static /home/gilson/MPLABXProjects/basculante.X/main.asm
            END_INTERRUPT   0x00000b    program     static /home/gilson/MPLABXProjects/basculante.X/main.asm
             IrDA_FALLING   0x00000e    program     static /home/gilson/MPLABXProjects/basculante.X/main.asm
                IrDA_TIME   0x000010    program     static /home/gilson/MPLABXProjects/basculante.X/main.asm
                    PUSHW   0x000012    program     static /home/gilson/MPLABXProjects/basculante.X/main.asm
                     POPW   0x000015    program     static /home/gilson/MPLABXProjects/basculante.X/main.asm
                  PUSHCTX   0x000019    program     static /home/gilson/MPLABXProjects/basculante.X/main.asm
                   POPCTX   0x00001d    program     static /home/gilson/MPLABXProjects/basculante.X/main.asm
                  DELAYms   0x000023    program     static /home/gilson/MPLABXProjects/basculante.X/main.asm
          _FUNCTIONS_0019   0x00002b    program     static /home/gilson/MPLABXProjects/basculante.X/main.asm
                INIT_IrDA   0x00002d    program     static /home/gilson/MPLABXProjects/basculante.X/main.asm
                IrDA_FALL   0x000032    program     static /home/gilson/MPLABXProjects/basculante.X/main.asm
          IrDA_FALL_ABORT   0x000039    program     static /home/gilson/MPLABXProjects/basculante.X/main.asm
       IrDA_FALL_SAMPLE_1   0x00003b    program     static /home/gilson/MPLABXProjects/basculante.X/main.asm
         IrDA_FALL_SAMPLE   0x00003c    program     static /home/gilson/MPLABXProjects/basculante.X/main.asm
             IrDA_SAMPLER   0x00003f    program     static /home/gilson/MPLABXProjects/basculante.X/main.asm
           IrDA_SAMPLER_1   0x000048    program     static /home/gilson/MPLABXProjects/basculante.X/main.asm
           IrDA_SAMPLER_3   0x00004f    program     static /home/gilson/MPLABXProjects/basculante.X/main.asm
           IrDA_SAMPLER_5   0x000052    program     static /home/gilson/MPLABXProjects/basculante.X/main.asm
     IrDA_COMMAND_12_BITS   0x000066    program     static /home/gilson/MPLABXProjects/basculante.X/main.asm
     IrDA_COMMAND_15_BITS   0x00006e    program     static /home/gilson/MPLABXProjects/basculante.X/main.asm
       IrDA_SAMPLER_ABORT   0x00007d    program     static /home/gilson/MPLABXProjects/basculante.X/main.asm
            RECORD_EEPROM   0x00007f    program     static /home/gilson/MPLABXProjects/basculante.X/main.asm
          _FUNCTIONS_006F   0x000081    program     static /home/gilson/MPLABXProjects/basculante.X/main.asm
          _FUNCTIONS_007C   0x00008e    program     static /home/gilson/MPLABXProjects/basculante.X/main.asm
              READ_EEPROM   0x000092    program     static /home/gilson/MPLABXProjects/basculante.X/main.asm
          _FUNCTIONS_0086   0x000098    program     static /home/gilson/MPLABXProjects/basculante.X/main.asm
              LDR_REFRESH   0x00009e    program     static /home/gilson/MPLABXProjects/basculante.X/main.asm
                  AD_DONE   0x0000a0    program     static /home/gilson/MPLABXProjects/basculante.X/main.asm
              REFRESH_END   0x0000ac    program     static /home/gilson/MPLABXProjects/basculante.X/main.asm
                MOTOR_OFF   0x0000af    program     static /home/gilson/MPLABXProjects/basculante.X/main.asm
             MOTOR_DIRECT   0x0000b1    program     static /home/gilson/MPLABXProjects/basculante.X/main.asm
          _FUNCTIONS_00A0   0x0000b2    program     static /home/gilson/MPLABXProjects/basculante.X/main.asm
            MOTOR_REVERSE   0x0000b3    program     static /home/gilson/MPLABXProjects/basculante.X/main.asm
                 MOTOR_DO   0x0000b7    program     static /home/gilson/MPLABXProjects/basculante.X/main.asm
              MOTOR_STATE   0x0000bd    program     static /home/gilson/MPLABXProjects/basculante.X/main.asm
         MOTOR_STATE_ARM1   0x0000c4    program     static /home/gilson/MPLABXProjects/basculante.X/main.asm
         MOTOR_STATE_ARM2   0x0000cb    program     static /home/gilson/MPLABXProjects/basculante.X/main.asm
              BIT_PATTERN   0x0000ce    program     static /home/gilson/MPLABXProjects/basculante.X/main.asm
  REMOTE_CONTROL_COMMANDS   0x0000d8    program     static /home/gilson/MPLABXProjects/basculante.X/main.asm
                    start   0x0000da    program     static /home/gilson/MPLABXProjects/basculante.X/main.asm
                LOOP_MAIN   0x000103    program     static /home/gilson/MPLABXProjects/basculante.X/main.asm
                   w_temp   0x000070       data     static /home/gilson/MPLABXProjects/basculante.X/main.asm
                     w_bk   0x000071       data     static /home/gilson/MPLABXProjects/basculante.X/main.asm
              status_temp   0x000072       data     static /home/gilson/MPLABXProjects/basculante.X/main.asm
                pos_value   0x000073       data     static /home/gilson/MPLABXProjects/basculante.X/main.asm
                motor_pos   0x000074       data     static /home/gilson/MPLABXProjects/basculante.X/main.asm
                IrDA_bits   0x000075       data     static /home/gilson/MPLABXProjects/basculante.X/main.asm
             IrDA_discard   0x000076       data     static /home/gilson/MPLABXProjects/basculante.X/main.asm
                IrDA_DATA   0x000077       data     static /home/gilson/MPLABXProjects/basculante.X/main.asm
              IrDA_comand   0x00007a       data     static /home/gilson/MPLABXProjects/basculante.X/main.asm
              IrDA_device   0x00007b       data     static /home/gilson/MPLABXProjects/basculante.X/main.asm
              record_data   0x00007c       data     static /home/gilson/MPLABXProjects/basculante.X/main.asm
              record_addr   0x00007d       data     static /home/gilson/MPLABXProjects/basculante.X/main.asm


